// Jest Snapshot v1, https://goo.gl/fbAQLP

exports[`Billing Stack 1`] = `
Object {
  "Resources": Object {
    "BudgetBudgetNew50BD65B3": Object {
      "Properties": Object {
        "Budget": Object {
          "BudgetLimit": Object {
            "Amount": 1,
            "Unit": "USD",
          },
          "BudgetName": "Monthly Budget",
          "BudgetType": "COST",
          "TimeUnit": "MONTHLY",
        },
        "NotificationsWithSubscribers": Array [
          Object {
            "Notification": Object {
              "ComparisonOperator": "GREATER_THAN",
              "NotificationType": "ACTUAL",
              "Threshold": 100,
              "ThresholdType": "PERCENTAGE",
            },
            "Subscribers": Array [
              Object {
                "Address": "test@example.com",
                "SubscriptionType": "EMAIL",
              },
            ],
          },
        ],
      },
      "Type": "AWS::Budgets::Budget",
    },
  },
}
`;
